{"exp_id": "I00", "method": "Một view", "model_checkpoint": "T05_ls_seed0/best.pt", "checkpoint_sha256": "aa34941b180862db283c4c952d8b7891349340da64725e1142fa0ede8422bbe6", "K": 1, "resolution": 128, "input_size": 128, "temperature": 1.0, "macro_f1_val": 0.931246790830467, "top1_val": 0.9483004855755498, "ece_val": 0.08694790666666666, "nll_val": 0.2396264094725318, "latency_p50_batch1_ms": 7.3095209954772145, "latency_p95_batch1_ms": 9.634257986908779, "latency_p99_batch1_ms": 9.72639735089615, "throughput_images_s": 1778.566229207519, "relative_cost_vs_I00": 1.0}
{"exp_id": "I01", "method": "Lật ngang, trung bình xác suất", "model_checkpoint": "T05_ls_seed0/best.pt", "checkpoint_sha256": "aa34941b180862db283c4c952d8b7891349340da64725e1142fa0ede8422bbe6", "K": 2, "resolution": 128, "input_size": 128, "temperature": 1.0, "macro_f1_val": 0.9284814425912941, "top1_val": 0.9477292202227935, "ece_val": 0.08767840880891173, "nll_val": 0.23601328519826398, "latency_p50_batch1_ms": 11.893895512912422, "latency_p95_batch1_ms": 12.941922966274433, "latency_p99_batch1_ms": 13.246416720212437, "throughput_images_s": 920.2889556702008, "relative_cost_vs_I00": 1.6271785141970043}
{"exp_id": "I02", "method": "Lật ngang, trung bình logit", "model_checkpoint": "T05_ls_seed0/best.pt", "checkpoint_sha256": "aa34941b180862db283c4c952d8b7891349340da64725e1142fa0ede8422bbe6", "K": 2, "resolution": 128, "input_size": 128, "temperature": 1.0, "macro_f1_val": 0.9287858330507235, "top1_val": 0.9480148528991716, "ece_val": 0.08755884484433016, "nll_val": 0.23598525184968192, "latency_p50_batch1_ms": 12.002812465652823, "latency_p95_batch1_ms": 12.787890125764534, "latency_p99_batch1_ms": 12.978635990293697, "throughput_images_s": 922.4959275641876, "relative_cost_vs_I00": 1.642079210536449}
{"exp_id": "I03", "method": "Năm crop 128 từ ảnh 160", "model_checkpoint": "T05_ls_seed0/best.pt", "checkpoint_sha256": "aa34941b180862db283c4c952d8b7891349340da64725e1142fa0ede8422bbe6", "K": 5, "resolution": 128, "input_size": 160, "temperature": 1.0, "macro_f1_val": 0.9379660571266876, "top1_val": 0.953441873750357, "ece_val": 0.09921932689517288, "nll_val": 0.22361107284569343, "latency_p50_batch1_ms": 29.464812512742355, "latency_p95_batch1_ms": 31.072133273119107, "latency_p99_batch1_ms": 32.34271291992627, "throughput_images_s": 377.59253780911376, "relative_cost_vs_I00": 4.031018247430137}
{"exp_id": "I04", "method": "Một view 160", "model_checkpoint": "T05_ls_seed0/best.pt", "checkpoint_sha256": "aa34941b180862db283c4c952d8b7891349340da64725e1142fa0ede8422bbe6", "K": 1, "resolution": 160, "input_size": 160, "temperature": 1.0, "macro_f1_val": 0.9434138860750934, "top1_val": 0.956583833190517, "ece_val": 0.08760066139674388, "nll_val": 0.20974277053281776, "latency_p50_batch1_ms": 6.8799165019299835, "latency_p95_batch1_ms": 7.29726685967762, "latency_p99_batch1_ms": 7.511218901490793, "throughput_images_s": 1162.675401371607, "relative_cost_vs_I00": 0.9412267241843822}
{"exp_id": "I05", "method": "Một view 224", "model_checkpoint": "T05_ls_seed0/best.pt", "checkpoint_sha256": "aa34941b180862db283c4c952d8b7891349340da64725e1142fa0ede8422bbe6", "K": 1, "resolution": 224, "input_size": 224, "temperature": 1.0, "macro_f1_val": 0.9282616753625688, "top1_val": 0.9445872607826336, "ece_val": 0.08849580237075125, "nll_val": 0.24429121434825424, "latency_p50_batch1_ms": 7.498603488784283, "latency_p95_batch1_ms": 7.95930246822536, "latency_p99_batch1_ms": 8.235436357208528, "throughput_images_s": 615.8837890587114, "relative_cost_vs_I00": 1.0258679732124805}
Traceback (most recent call last):
  File "/Users/tridao/Documents/Personal/VINAITC/Week_4/K4-Track4-Day2-Deeplearning-Advance/submissions/2A202602793_dao_gia_bao/code/inference_lab.py", line 138, in <module>
    if __name__=='__main__':run_inference()
                            ^^^^^^^^^^^^^^^
  File "/Users/tridao/Documents/Personal/VINAITC/Week_4/K4-Track4-Day2-Deeplearning-Advance/submissions/2A202602793_dao_gia_bao/code/inference_lab.py", line 85, in run_inference
    names,y,logits=predict_method(model,eval_loader(cfg,method),device,method)
                   ^^^^^^^^^^^^^^^^^^^^^^^^^^^^^^^^^^^^^^^^^^^^^^^^^^^^^^^^^^^
  File "/Users/tridao/Documents/Personal/VINAITC/Week_4/K4-Track4-Day2-Deeplearning-Advance/submissions/2A202602793_dao_gia_bao/code/inference.py", line 141, in predict_method
    z=method_logits(model,x.to(device),method)
      ^^^^^^^^^^^^^^^^^^^^^^^^^^^^^^^^^^^^^^^^
  File "/Users/tridao/Documents/Personal/VINAITC/Week_4/K4-Track4-Day2-Deeplearning-Advance/submissions/2A202602793_dao_gia_bao/code/inference.py", line 129, in method_logits
    views=[model(v) for v in method.views(x)]
                             ^^^^^^^^^^^^^^^
  File "/Users/tridao/Documents/Personal/VINAITC/Week_4/K4-Track4-Day2-Deeplearning-Advance/submissions/2A202602793_dao_gia_bao/code/inference.py", line 124, in views
    if self.policy=='multiscale':return views_multiscale(x,self.sizes)
                                        ^^^^^^^^^^^^^^^^^^^^^^^^^^^^^^
  File "/Users/tridao/Documents/Personal/VINAITC/Week_4/K4-Track4-Day2-Deeplearning-Advance/submissions/2A202602793_dao_gia_bao/code/inference.py", line 56, in views_multiscale
    return [F.interpolate(x,size=(int(s),int(s)),mode='bicubic',align_corners=False,antialias=True) for s in sizes]
            ^^^^^^^^^^^^^^^^^^^^^^^^^^^^^^^^^^^^^^^^^^^^^^^^^^^^^^^^^^^^^^^^^^^^^^^^^^^^^^^^^^^^^^^
  File "/opt/anaconda3/lib/python3.12/site-packages/torch/nn/functional.py", line 4704, in interpolate
    return torch._C._nn._upsample_bicubic2d_aa(
           ^^^^^^^^^^^^^^^^^^^^^^^^^^^^^^^^^^^^
NotImplementedError: The operator 'aten::_upsample_bicubic2d_aa.out' is not currently implemented for the MPS device. If you want this op to be considered for addition please comment on https://github.com/pytorch/pytorch/issues/141287 and mention use-case, that resulted in missing op as well as commit hash 2236df1770800ffea5697b11b0bb0d910b2e59e1. As a temporary fix, you can set the environment variable `PYTORCH_ENABLE_MPS_FALLBACK=1` to use the CPU as a fallback for this op. WARNING: this will be slower than running natively on MPS.
