{
  "fold": 0,
  "n": {
    "train": 10501,
    "val": 3501,
    "test": 3507
  },
  "per_class": {
    "train": [
      675,
      637,
      618,
      613,
      637,
      605,
      644,
      609,
      5463
    ],
    "val": [
      225,
      213,
      206,
      204,
      212,
      202,
      215,
      203,
      1821
    ],
    "test": [
      226,
      213,
      207,
      205,
      213,
      202,
      215,
      204,
      1822
    ]
  },
  "class_names": [
    "Chinee apple",
    "Lantana",
    "Parkinsonia",
    "Parthenium",
    "Prickly acacia",
    "Rubber vine",
    "Siam weed",
    "Snake weed",
    "Negative"
  ],
  "overlap": {
    "train_val": 0,
    "train_test": 0,
    "val_test": 0
  },
  "union": 17509,
  "missing": 0,
  "num_classes": 9,
  "annotation_conflicts": {
    "train": [
      {
        "Filename": "20170714-110407-3.jpg",
        "split_label": 0,
        "labels_csv_label": 1
      }
    ],
    "val": [],
    "test": []
  },
  "csv_sha256": {
    "labels.csv": "6fb95b89fd9d384f94e185a5cab6c5da7c987649399c90618ecc60acfb0112eb",
    "train_subset0.csv": "a2e63f561a545837c8cabaa276a957ccf1293ec985c9d8fbc49d67b4fd5abdb2",
    "val_subset0.csv": "1fa70a03a68def06c921a1dd7f0b53e96490f6dfad51d7d423bb145161ebc478",
    "test_subset0.csv": "fb212793b988bc0455aae2e48cb9eb3168014c2f47fbdb93f5f1e284e0974f75"
  }
}
Traceback (most recent call last):
  File "/Users/tridao/Documents/Personal/VINAITC/Week_4/K4-Track4-Day2-Deeplearning-Advance/submissions/2A202602793_dao_gia_bao/code/validate_pipeline.py", line 174, in <module>
    if __name__=='__main__': main()
                             ^^^^^^
  File "/Users/tridao/Documents/Personal/VINAITC/Week_4/K4-Track4-Day2-Deeplearning-Advance/submissions/2A202602793_dao_gia_bao/code/validate_pipeline.py", line 168, in main
    result={'split':split,'eda':eda(train,val,test,split),'sanity':sanity(train,device),
                                                                   ^^^^^^^^^^^^^^^^^^^^
  File "/Users/tridao/Documents/Personal/VINAITC/Week_4/K4-Track4-Day2-Deeplearning-Advance/submissions/2A202602793_dao_gia_bao/code/validate_pipeline.py", line 106, in sanity
    raise RuntimeError(f'Loss ban đầu ngoài khoảng kiểm tra: {initial}')
RuntimeError: Loss ban đầu ngoài khoảng kiểm tra: 7.597333908081055
