{
  "fold": 0,
  "n": {
    "train": 10501,
    "val": 3501,
    "test": 3507
  },
  "per_class": {
    "train": [
      675,
      637,
      618,
      613,
      637,
      605,
      644,
      609,
      5463
    ],
    "val": [
      225,
      213,
      206,
      204,
      212,
      202,
      215,
      203,
      1821
    ],
    "test": [
      226,
      213,
      207,
      205,
      213,
      202,
      215,
      204,
      1822
    ]
  },
  "class_names": [
    "Chinee apple",
    "Lantana",
    "Parkinsonia",
    "Parthenium",
    "Prickly acacia",
    "Rubber vine",
    "Siam weed",
    "Snake weed",
    "Negative"
  ],
  "overlap": {
    "train_val": 0,
    "train_test": 0,
    "val_test": 0
  },
  "union": 17509,
  "missing": 0,
  "num_classes": 9,
  "annotation_conflicts": {
    "train": [
      {
        "Filename": "20170714-110407-3.jpg",
        "split_label": 0,
        "labels_csv_label": 1
      }
    ],
    "val": [],
    "test": []
  },
  "csv_sha256": {
    "labels.csv": "6fb95b89fd9d384f94e185a5cab6c5da7c987649399c90618ecc60acfb0112eb",
    "train_subset0.csv": "a2e63f561a545837c8cabaa276a957ccf1293ec985c9d8fbc49d67b4fd5abdb2",
    "val_subset0.csv": "1fa70a03a68def06c921a1dd7f0b53e96490f6dfad51d7d423bb145161ebc478",
    "test_subset0.csv": "fb212793b988bc0455aae2e48cb9eb3168014c2f47fbdb93f5f1e284e0974f75"
  }
}
{"exp_id": "SMOKE_finetune", "seed": 0, "epoch": 1, "train_loss": 2.5672354698181152, "train_top1": 0.1875, "lr": 0.0, "train_n": 32, "val_loss": 2.218869686126709, "val_macro_f1": 0.011695906432748537, "val_top1": 0.05555555555555555, "val_balanced_acc": 0.14285714285714285, "seconds": 2.5947590839932673, "train_seconds": 2.1024419590248726, "val_seconds": 0.49231712496839464}
{
  "fold": 0,
  "n": {
    "train": 10501,
    "val": 3501,
    "test": 3507
  },
  "per_class": {
    "train": [
      675,
      637,
      618,
      613,
      637,
      605,
      644,
      609,
      5463
    ],
    "val": [
      225,
      213,
      206,
      204,
      212,
      202,
      215,
      203,
      1821
    ],
    "test": [
      226,
      213,
      207,
      205,
      213,
      202,
      215,
      204,
      1822
    ]
  },
  "class_names": [
    "Chinee apple",
    "Lantana",
    "Parkinsonia",
    "Parthenium",
    "Prickly acacia",
    "Rubber vine",
    "Siam weed",
    "Snake weed",
    "Negative"
  ],
  "overlap": {
    "train_val": 0,
    "train_test": 0,
    "val_test": 0
  },
  "union": 17509,
  "missing": 0,
  "num_classes": 9,
  "annotation_conflicts": {
    "train": [
      {
        "Filename": "20170714-110407-3.jpg",
        "split_label": 0,
        "labels_csv_label": 1
      }
    ],
    "val": [],
    "test": []
  },
  "csv_sha256": {
    "labels.csv": "6fb95b89fd9d384f94e185a5cab6c5da7c987649399c90618ecc60acfb0112eb",
    "train_subset0.csv": "a2e63f561a545837c8cabaa276a957ccf1293ec985c9d8fbc49d67b4fd5abdb2",
    "val_subset0.csv": "1fa70a03a68def06c921a1dd7f0b53e96490f6dfad51d7d423bb145161ebc478",
    "test_subset0.csv": "fb212793b988bc0455aae2e48cb9eb3168014c2f47fbdb93f5f1e284e0974f75"
  }
}
{"exp_id": "SMOKE_frozen", "seed": 0, "epoch": 1, "train_loss": 2.196132183074951, "train_top1": 0.1875, "lr": 0.0, "train_n": 32, "val_loss": 2.194264703326755, "val_macro_f1": 0.07407407407407407, "val_top1": 0.5, "val_balanced_acc": 0.14285714285714285, "seconds": 0.3331217090017162, "train_seconds": 0.21378829202149063, "val_seconds": 0.11933341698022559}
{
  "fold": 0,
  "n": {
    "train": 10501,
    "val": 3501,
    "test": 3507
  },
  "per_class": {
    "train": [
      675,
      637,
      618,
      613,
      637,
      605,
      644,
      609,
      5463
    ],
    "val": [
      225,
      213,
      206,
      204,
      212,
      202,
      215,
      203,
      1821
    ],
    "test": [
      226,
      213,
      207,
      205,
      213,
      202,
      215,
      204,
      1822
    ]
  },
  "class_names": [
    "Chinee apple",
    "Lantana",
    "Parkinsonia",
    "Parthenium",
    "Prickly acacia",
    "Rubber vine",
    "Siam weed",
    "Snake weed",
    "Negative"
  ],
  "overlap": {
    "train_val": 0,
    "train_test": 0,
    "val_test": 0
  },
  "union": 17509,
  "missing": 0,
  "num_classes": 9,
  "annotation_conflicts": {
    "train": [
      {
        "Filename": "20170714-110407-3.jpg",
        "split_label": 0,
        "labels_csv_label": 1
      }
    ],
    "val": [],
    "test": []
  },
  "csv_sha256": {
    "labels.csv": "6fb95b89fd9d384f94e185a5cab6c5da7c987649399c90618ecc60acfb0112eb",
    "train_subset0.csv": "a2e63f561a545837c8cabaa276a957ccf1293ec985c9d8fbc49d67b4fd5abdb2",
    "val_subset0.csv": "1fa70a03a68def06c921a1dd7f0b53e96490f6dfad51d7d423bb145161ebc478",
    "test_subset0.csv": "fb212793b988bc0455aae2e48cb9eb3168014c2f47fbdb93f5f1e284e0974f75"
  }
}
{"exp_id": "SMOKE_resume_reference", "seed": 0, "epoch": 1, "train_loss": 2.419140100479126, "train_top1": 0.0, "lr": 0.0005, "train_n": 16, "val_loss": 2.30580563015408, "val_macro_f1": 0.0, "val_top1": 0.0, "val_balanced_acc": 0.0, "seconds": 0.24164429196389392, "train_seconds": 0.18248454196145758, "val_seconds": 0.05915975000243634}
{"exp_id": "SMOKE_resume_reference", "seed": 0, "epoch": 2, "train_loss": 2.04648756980896, "train_top1": 0.3125, "lr": 0.0, "train_n": 16, "val_loss": 2.411735004848904, "val_macro_f1": 0.0, "val_top1": 0.0, "val_balanced_acc": 0.0, "seconds": 0.3424284589709714, "train_seconds": 0.2853751669754274, "val_seconds": 0.05705329199554399}
{
  "fold": 0,
  "n": {
    "train": 10501,
    "val": 3501,
    "test": 3507
  },
  "per_class": {
    "train": [
      675,
      637,
      618,
      613,
      637,
      605,
      644,
      609,
      5463
    ],
    "val": [
      225,
      213,
      206,
      204,
      212,
      202,
      215,
      203,
      1821
    ],
    "test": [
      226,
      213,
      207,
      205,
      213,
      202,
      215,
      204,
      1822
    ]
  },
  "class_names": [
    "Chinee apple",
    "Lantana",
    "Parkinsonia",
    "Parthenium",
    "Prickly acacia",
    "Rubber vine",
    "Siam weed",
    "Snake weed",
    "Negative"
  ],
  "overlap": {
    "train_val": 0,
    "train_test": 0,
    "val_test": 0
  },
  "union": 17509,
  "missing": 0,
  "num_classes": 9,
  "annotation_conflicts": {
    "train": [
      {
        "Filename": "20170714-110407-3.jpg",
        "split_label": 0,
        "labels_csv_label": 1
      }
    ],
    "val": [],
    "test": []
  },
  "csv_sha256": {
    "labels.csv": "6fb95b89fd9d384f94e185a5cab6c5da7c987649399c90618ecc60acfb0112eb",
    "train_subset0.csv": "a2e63f561a545837c8cabaa276a957ccf1293ec985c9d8fbc49d67b4fd5abdb2",
    "val_subset0.csv": "1fa70a03a68def06c921a1dd7f0b53e96490f6dfad51d7d423bb145161ebc478",
    "test_subset0.csv": "fb212793b988bc0455aae2e48cb9eb3168014c2f47fbdb93f5f1e284e0974f75"
  }
}
{"exp_id": "SMOKE_resume_interrupted", "seed": 0, "epoch": 1, "train_loss": 2.419140100479126, "train_top1": 0.0, "lr": 0.0005, "train_n": 16, "val_loss": 2.30580563015408, "val_macro_f1": 0.0, "val_top1": 0.0, "val_balanced_acc": 0.0, "seconds": 0.265705416968558, "train_seconds": 0.2024438339867629, "val_seconds": 0.06326158298179507}
{
  "fold": 0,
  "n": {
    "train": 10501,
    "val": 3501,
    "test": 3507
  },
  "per_class": {
    "train": [
      675,
      637,
      618,
      613,
      637,
      605,
      644,
      609,
      5463
    ],
    "val": [
      225,
      213,
      206,
      204,
      212,
      202,
      215,
      203,
      1821
    ],
    "test": [
      226,
      213,
      207,
      205,
      213,
      202,
      215,
      204,
      1822
    ]
  },
  "class_names": [
    "Chinee apple",
    "Lantana",
    "Parkinsonia",
    "Parthenium",
    "Prickly acacia",
    "Rubber vine",
    "Siam weed",
    "Snake weed",
    "Negative"
  ],
  "overlap": {
    "train_val": 0,
    "train_test": 0,
    "val_test": 0
  },
  "union": 17509,
  "missing": 0,
  "num_classes": 9,
  "annotation_conflicts": {
    "train": [
      {
        "Filename": "20170714-110407-3.jpg",
        "split_label": 0,
        "labels_csv_label": 1
      }
    ],
    "val": [],
    "test": []
  },
  "csv_sha256": {
    "labels.csv": "6fb95b89fd9d384f94e185a5cab6c5da7c987649399c90618ecc60acfb0112eb",
    "train_subset0.csv": "a2e63f561a545837c8cabaa276a957ccf1293ec985c9d8fbc49d67b4fd5abdb2",
    "val_subset0.csv": "1fa70a03a68def06c921a1dd7f0b53e96490f6dfad51d7d423bb145161ebc478",
    "test_subset0.csv": "fb212793b988bc0455aae2e48cb9eb3168014c2f47fbdb93f5f1e284e0974f75"
  }
}
{"exp_id": "SMOKE_resume_interrupted", "seed": 0, "epoch": 2, "train_loss": 2.04648756980896, "train_top1": 0.3125, "lr": 0.0, "train_n": 16, "val_loss": 2.411735004848904, "val_macro_f1": 0.0, "val_top1": 0.0, "val_balanced_acc": 0.0, "seconds": 0.22681941598420963, "train_seconds": 0.1692871249979362, "val_seconds": 0.05753229098627344}
